Microsoft (R) Build Engine version 4.8.9221.0
[Microsoft .NET Framework, version 4.0.30319.42000]
Copyright (C) Microsoft Corporation. All rights reserved.

  Embarcadero Delphi for Win64 compiler version 37.0
  Copyright (c) 1983,2026 Embarcadero Technologies, Inc.
C:\Projects\Delphi-RAG-lint\src\parser\DRagLint.Parser.DocComments.pas(189): warning W1010: Method 'Dispatch' hides virtual method of base type 'TObject' [C:\Projects\Delphi-RAG-lint\src\cli\drag-lint.dproj]
C:\Projects\Delphi-RAG-lint\src\analysis\DRagLint.Analysis.Flow.Lattices.pas(321): warning W1010: Method 'Equals' hides virtual method of base type 'TObject' [C:\Projects\Delphi-RAG-lint\src\cli\drag-lint.dproj]
C:\Projects\Delphi-RAG-lint\src\analysis\DRagLint.Analysis.Flow.Lattices.pas(441): warning W1010: Method 'Equals' hides virtual method of base type 'TObject' [C:\Projects\Delphi-RAG-lint\src\cli\drag-lint.dproj]
C:\Projects\Delphi-RAG-lint\src\analysis\DRagLint.Analysis.Flow.Lattices.pas(542): warning W1010: Method 'Equals' hides virtual method of base type 'TObject' [C:\Projects\Delphi-RAG-lint\src\cli\drag-lint.dproj]
C:\Projects\Delphi-RAG-lint\src\analysis\DRagLint.Analysis.Flow.Lattices.pas(658): warning W1010: Method 'Equals' hides virtual method of base type 'TObject' [C:\Projects\Delphi-RAG-lint\src\cli\drag-lint.dproj]
C:\Projects\Delphi-RAG-lint\src\refactor\DRagLint.Refactor.TextEdit.pas(588): Hint warning H2077: Value assigned to 'TargetSection' never used [C:\Projects\Delphi-RAG-lint\src\cli\drag-lint.dproj]
C:\Projects\Delphi-RAG-lint\src\diagnostics\DRagLint.Diagnostics.AstChecks.pas(1026): Hint warning H2077: Value assigned to 'ColNum' never used [C:\Projects\Delphi-RAG-lint\src\cli\drag-lint.dproj]
C:\Projects\Delphi-RAG-lint\src\storage\DRagLint.Storage.SQLite.pas(2505): Hint warning H2077: Value assigned to 'TSQLiteSymbolStore.Fts5TableExists' never used [C:\Projects\Delphi-RAG-lint\src\cli\drag-lint.dproj]
C:\Projects\Delphi-RAG-lint\src\storage\DRagLint.Storage.SQLite.pas(4803): Hint warning H2077: Value assigned to 'TSQLiteSymbolStore.ClearAllFiles' never used [C:\Projects\Delphi-RAG-lint\src\cli\drag-lint.dproj]
C:\Projects\Delphi-RAG-lint\src\storage\DRagLint.Storage.SQLite.pas(8411): warning W1036: Variable 'TMark' might not have been initialized [C:\Projects\Delphi-RAG-lint\src\cli\drag-lint.dproj]
C:\Projects\Delphi-RAG-lint\src\parser\DRagLint.Parser.Sql.pas(464): Hint warning H2077: Value assigned to 'Idx' never used [C:\Projects\Delphi-RAG-lint\src\cli\drag-lint.dproj]
C:\Projects\Delphi-RAG-lint\src\lint\DRagLint.Lint.Linter.pas(267): Hint warning H2077: Value assigned to 'InCmt' never used [C:\Projects\Delphi-RAG-lint\src\cli\drag-lint.dproj]
C:\Projects\Delphi-RAG-lint\src\lint\DRagLint.Lint.ProjectRules.pas(1037): Hint warning H2077: Value assigned to 'PropAccessors' never used [C:\Projects\Delphi-RAG-lint\src\cli\drag-lint.dproj]
C:\Projects\Delphi-RAG-lint\src\forms\DRagLint.FormsMap.pas(1051): Hint warning H2077: Value assigned to 'Hooked' never used [C:\Projects\Delphi-RAG-lint\src\cli\drag-lint.dproj]
C:\Projects\Delphi-RAG-lint\src\doc\DRagLint.Doc.GitSince.pas(104): Hint warning H2077: Value assigned to 'SpawnGit' never used [C:\Projects\Delphi-RAG-lint\src\cli\drag-lint.dproj]
C:\Projects\Delphi-RAG-lint\src\diagnostics\DRagLint.Diagnostics.CompileCheck.pas(253): warning W1023: Comparing signed and unsigned types - widened both operands [C:\Projects\Delphi-RAG-lint\src\cli\drag-lint.dproj]
C:\Projects\Delphi-RAG-lint\src\diagnostics\DRagLint.Diagnostics.CompileCheck.pas(383): Hint warning H2077: Value assigned to 'TCompileChecker.SpawnAndCapture' never used [C:\Projects\Delphi-RAG-lint\src\cli\drag-lint.dproj]
C:\Projects\Delphi-RAG-lint\src\lsp\DRagLint.LSP.Completion.pas(403): Hint warning H2077: Value assigned to 'TLspCompletion.BuildSignatureHelp' never used [C:\Projects\Delphi-RAG-lint\src\cli\drag-lint.dproj]
C:\Projects\Delphi-RAG-lint\src\index\DRagLint.Index.Manifest.pas(1517): Hint warning H2077: Value assigned to 'LoadDocComplexityMin' never used [C:\Projects\Delphi-RAG-lint\src\cli\drag-lint.dproj]
C:\Projects\Delphi-RAG-lint\src\lsp\DRagLint.LSP.Server.pas(306): Hint warning H2219: Private symbol 'LocationFromSymbol' declared but never used [C:\Projects\Delphi-RAG-lint\src\cli\drag-lint.dproj]
C:\Projects\Delphi-RAG-lint\src\lsp\DRagLint.LSP.Server.pas(322): Hint warning H2219: Private symbol 'LocationFromRef' declared but never used [C:\Projects\Delphi-RAG-lint\src\cli\drag-lint.dproj]
C:\Projects\Delphi-RAG-lint\src\refactor\DRagLint.Format.Yadf.pas(143): Hint warning H2077: Value assigned to 'TYadfFormatter.SpawnAndCapture' never used [C:\Projects\Delphi-RAG-lint\src\cli\drag-lint.dproj]
C:\Projects\Delphi-RAG-lint\src\index\DRagLint.Index.Plan.pas(281): Hint warning H2164: Variable 'DbPath' is declared but never used in 'ResolvePlan' [C:\Projects\Delphi-RAG-lint\src\cli\drag-lint.dproj]
C:\Projects\Delphi-RAG-lint\src\doc\DRagLint.Doc.Drift.pas(890): warning W1036: Variable 'HasReturn' might not have been initialized [C:\Projects\Delphi-RAG-lint\src\cli\drag-lint.dproj]
C:\Projects\Delphi-RAG-lint\src\refactor\DRagLint.Refactor.ExtractMethod.pas(415): Hint warning H2077: Value assigned to 'Cur' never used [C:\Projects\Delphi-RAG-lint\src\cli\drag-lint.dproj]
C:\Projects\Delphi-RAG-lint\src\report\DRagLint.Convert.DfmReemit.pas(448): warning W1036: Variable 'Child' might not have been initialized [C:\Projects\Delphi-RAG-lint\src\cli\drag-lint.dproj]
DRagLint.CLI.pas(1298): Hint warning H2077: Value assigned to 'LoadDocMaxReturnCases' never used [C:\Projects\Delphi-RAG-lint\src\cli\drag-lint.dproj]
DRagLint.CLI.pas(1323): Hint warning H2077: Value assigned to 'LoadDocMaxCallers' never used [C:\Projects\Delphi-RAG-lint\src\cli\drag-lint.dproj]
DRagLint.CLI.pas(1344): Hint warning H2077: Value assigned to 'LoadDocAccessorMaxLines' never used [C:\Projects\Delphi-RAG-lint\src\cli\drag-lint.dproj]
DRagLint.CLI.pas(2203): warning W1022: Comparison always evaluates to True [C:\Projects\Delphi-RAG-lint\src\cli\drag-lint.dproj]
DRagLint.CLI.pas(2260): warning W1022: Comparison always evaluates to True [C:\Projects\Delphi-RAG-lint\src\cli\drag-lint.dproj]
DRagLint.CLI.pas(2273): Hint warning H2077: Value assigned to 'PoolCount' never used [C:\Projects\Delphi-RAG-lint\src\cli\drag-lint.dproj]
DRagLint.CLI.pas(3892): Hint warning H2077: Value assigned to 'Cur' never used [C:\Projects\Delphi-RAG-lint\src\cli\drag-lint.dproj]
DRagLint.CLI.pas(4347): Hint warning H2077: Value assigned to 'Rows' never used [C:\Projects\Delphi-RAG-lint\src\cli\drag-lint.dproj]
DRagLint.CLI.pas(4751): Hint warning H2077: Value assigned to 'Removed' never used [C:\Projects\Delphi-RAG-lint\src\cli\drag-lint.dproj]
DRagLint.CLI.pas(4731): Hint warning H2077: Value assigned to 'Added' never used [C:\Projects\Delphi-RAG-lint\src\cli\drag-lint.dproj]
DRagLint.CLI.pas(4741): Hint warning H2077: Value assigned to 'Changed' never used [C:\Projects\Delphi-RAG-lint\src\cli\drag-lint.dproj]
DRagLint.CLI.pas(11107): Hint warning H2077: Value assigned to 'RestoreDone' never used [C:\Projects\Delphi-RAG-lint\src\cli\drag-lint.dproj]
DRagLint.CLI.pas(12874): Hint warning H2077: Value assigned to 'nSkip' never used [C:\Projects\Delphi-RAG-lint\src\cli\drag-lint.dproj]
DRagLint.CLI.pas(12882): Hint warning H2077: Value assigned to 'nSkip' never used [C:\Projects\Delphi-RAG-lint\src\cli\drag-lint.dproj]
DRagLint.CLI.pas(12886): Hint warning H2077: Value assigned to 'nSkip' never used [C:\Projects\Delphi-RAG-lint\src\cli\drag-lint.dproj]
DRagLint.CLI.pas(12858): Hint warning H2077: Value assigned to 'nSkip' never used [C:\Projects\Delphi-RAG-lint\src\cli\drag-lint.dproj]
DRagLint.CLI.pas(16653): Hint warning H2077: Value assigned to 'DoTestStoreFreshness' never used [C:\Projects\Delphi-RAG-lint\src\cli\drag-lint.dproj]
DRagLint.CLI.pas(16854): warning W1002: Symbol 'TFileAttribute' is specific to a platform [C:\Projects\Delphi-RAG-lint\src\cli\drag-lint.dproj]
DRagLint.CLI.pas(17357): Hint warning H2077: Value assigned to 'PlatCnt' never used [C:\Projects\Delphi-RAG-lint\src\cli\drag-lint.dproj]
  237857 lines, 10.83 seconds, 10735044 bytes code, 966820 bytes data.
