# Baseline for tests\autotest\run_extractor_version_guard.ps1
#
# <DRAGLINT_EXTRACTOR_VERSION>|<sha256 of the extraction surface>
#
# The extraction surface is src\parser, src\preprocess, src\index and
# DRagLint.Core.Indexer.pas -- the code that decides WHAT gets extracted from a
# byte sequence. Change any of it and the guard fails until
# DRAGLINT_EXTRACTOR_VERSION is bumped, because every existing index would
# otherwise keep its old parses silently.
#
# To update: bump the constant in src\core\DRagLint.Core.Model.pas, re-run the
# guard, paste the line it prints below. Expect one full re-parse per index --
# that is the point of the bump.
#
# If a change genuinely cannot affect extraction (a comment, a rename with no
# behavioural effect), update the hash WITHOUT bumping the version and say why
# here.
#
# DEFER-UNTIL|<yyyy-MM-dd>|<hash>|<reason>
#   Postpones a bump that IS genuinely needed, deliberately and visibly. It is
#   pinned to one hash, so any further extractor change stops it applying and
#   the guard fails again at once; and it expires on its date, so the debt
#   cannot be forgotten. It is louder than a bump, not quieter -- every run
#   prints what is stale and when it falls due. Use it only when the owner has
#   asked for the fix now and the re-parse later.
# 2026-08-19: bumped 1.4.0-alpha -> 1.6.0-alpha for const signatures (a
#   declConst now emits its type and value into `signature`, which was empty
#   for every const in every index). This bump also DISCHARGES the
#   DEFER-UNTIL|2026-08-21 above: the constructor/destructor extraction fix it
#   was postponing rides the same re-parse, so the debt is settled two days
#   early rather than expiring. The owner's library rebuild planned for
#   2026-08-21 now covers both.
1.6.0-alpha|289795586e4ad56fc33d1c20c95a86a1fc811aa07d56c05181906ebe42e906ef
