# Baseline for tests\autotest\run_extractor_version_guard.ps1
#
# <DRAGLINT_EXTRACTOR_VERSION>|<sha256 of the extraction surface>
#
# The extraction surface is src\parser, src\preprocess, src\index and
# DRagLint.Core.Indexer.pas -- the code that decides WHAT gets extracted from a
# byte sequence. Change any of it and the guard fails until
# DRAGLINT_EXTRACTOR_VERSION is bumped, because every existing index would
# otherwise keep its old parses silently.
#
# To update: bump the constant in src\core\DRagLint.Core.Model.pas, re-run the
# guard, paste the line it prints below. Expect one full re-parse per index --
# that is the point of the bump.
#
# If a change genuinely cannot affect extraction (a comment, a rename with no
# behavioural effect), update the hash WITHOUT bumping the version and say why
# here.
#
# DEFER-UNTIL|<yyyy-MM-dd>|<hash>|<reason>
#   Postpones a bump that IS genuinely needed, deliberately and visibly. It is
#   pinned to one hash, so any further extractor change stops it applying and
#   the guard fails again at once; and it expires on its date, so the debt
#   cannot be forgotten. It is louder than a bump, not quieter -- every run
#   prints what is stale and when it falls due. Use it only when the owner has
#   asked for the fix now and the re-parse later.
# 2026-08-19: bumped 1.4.0-alpha -> 1.6.0-alpha for const signatures (a
#   declConst now emits its type and value into `signature`, which was empty
#   for every const in every index). This bump also DISCHARGES the
#   DEFER-UNTIL|2026-08-21 above: the constructor/destructor extraction fix it
#   was postponing rides the same re-parse, so the debt is settled two days
#   early rather than expiring. The owner's library rebuild planned for
#   2026-08-21 now covers both.
# 2026-08-24: hash updated WITHOUT a version bump, per the rule above.
#   src\index\DRagLint.Index.ManifestWrite.pas was added -- a manifest WRITER
#   for the new `register-project` verb. It lives under src\index because that
#   is where DRagLint.Index.Manifest (its read half) lives, so it falls inside
#   the hashed surface, and the guard correctly noticed.
#
#   It CANNOT affect extraction: it appends a section to drag-lint.json and is
#   never called during a walk. Nothing it does changes what the parser sees in
#   a byte sequence, so no stored parse becomes stale. Bumping would have cost
#   a ~5-hour re-parse of every index on the box to say nothing new.
#
#   The judgement being made explicitly, because the failure mode of getting
#   this wrong is SILENT: if a future edit to this file ever influenced what is
#   indexed, the version MUST move.
1.7.0-alpha|3b933512a0a580326f39c657ec711a122660cf1058d412f0a57deb0c5abb9714
