# Baseline for tests\autotest\run_resolver_version_guard.ps1
#
# <DRAGLINT_RESOLVER_VERSION>|<sha256 of the resolve surface>
#
# The resolve surface is the set of routines listed in tests\resolver-surface.txt
# -- the code that DERIVES call_edges, type_ancestors, type_helpers and
# unit_uses targets from parses the index already holds. Change any of it and
# this guard fails until DRAGLINT_RESOLVER_VERSION is bumped, because every
# existing index would otherwise keep edges from the OLD resolver.
#
# THE REMEDY IS CHEAP, and that is the whole point of a second stamp. A bump of
# DRAGLINT_EXTRACTOR_VERSION costs a ~5 hour re-parse of every database; a bump
# of THIS one costs a re-resolve measured in minutes. They were conflated until
# 2026-08-31, which over-billed 19 commits under src\index and under-billed 42
# under src\storage -- the latter going silently stale, one every 2.2 days.
#
# EXACTLY ONE ACTIVE LINE. The sibling extractor baseline was APPENDED to rather
# than replaced on 2026-08-26 and its guard, which reads only the first active
# line, became structurally incapable of failing for five days. This guard
# asserts its own baseline's shape for that reason. Move superseded lines into
# `#` history below.
#
# To update: bump the constant in src\core\DRagLint.Core.Model.pas, re-run the
# guard, paste the line it prints. If a change genuinely cannot affect what is
# derived, update the hash WITHOUT bumping and say why here -- the same
# discipline the extractor baseline uses, and the same warning: the failure mode
# of getting it wrong is SILENT.
#
# 2026-08-31: created. Seeded at 1.0.0-alpha rather than mirroring the extractor
#   version, because this stamp has its own history from here and pretending it
#   shares the extractor's past would be false. Existing indexes carry no
#   resolver_fingerprint at all and are grandfathered by the same rule the
#   indexer fingerprint uses -- an absent stamp adopts the current one silently
#   rather than forcing a mass re-resolve on first run.

# 2026-08-31: 1.0.0-alpha -> 1.1.0-alpha. UpsertCallEdge now writes
#   refs.symbol_id for a CERTAIN call edge, and ClearCallEdges nulls the column
#   it wrote. That column has been NULL on every row of every index while
#   INDEX-SCHEMA.md documented a join on it, so every consumer of `refs` was
#   name-joining whether it meant to or not. This is a genuine change to what
#   the resolve pass DERIVES, so every index owes one re-resolve -- minutes,
#   not the ~5 hours a re-parse would cost, which is the entire reason this
#   stamp is separate from DRAGLINT_EXTRACTOR_VERSION.
#
#   Superseded: 1.0.0-alpha|ae753fb79518fac5b932d8e9f6d78fc0fce625248ae44c846ac4ae6a57b805be

# 2026-09-06 (C1b): HASH UPDATED, VERSION DELIBERATELY NOT BUMPED -- this is the
#   "genuinely cannot affect what is derived" case the header describes, and it
#   is recorded here in full because the header also says the failure mode of
#   getting it wrong is SILENT.
#
#   What changed inside the surface: ONE line was added to ResolveAncestry,
#   `FFlowOracles.Clear;`, beside the existing `FAnchorCache.Clear;`. Nothing
#   else in the manifest's routines was touched. (The other edits to
#   Storage.SQLite.pas in the same commit -- a field, its create/free, and a
#   one-line getter -- are all OUTSIDE every listed routine.)
#
#   Why it cannot change what is derived, checked rather than asserted:
#   FFlowOracles is a TFlowOracleCache, the C1b store-lifetime memo for the five
#   LINT-time flow oracles. Its contents are read in exactly one unit,
#   DRagLint.Diagnostics.FlowChecks.pas, and only from TFlowChecker.Check's
#   dynamic extent. Inside Storage.SQLite.pas the object is only declared,
#   created, freed, returned by FlowOracles, and cleared here. No resolve
#   routine reads it, so ResolveAncestry writes exactly the type_ancestors rows
#   it wrote before. Verified by enumerating every reference to FlowOracles /
#   FFlowOracles in src\ (18 sites; 10 in FlowChecks, 8 structural in storage).
#
#   Bumping instead would have forced a re-resolve of every index for a cleared
#   dictionary -- precisely the OVER-BILLING that splitting this stamp from
#   DRAGLINT_EXTRACTOR_VERSION exists to end, and the same reason
#   ResolveLog/ResolveSecs are EXCLUDEd from the surface.
#
#   Superseded: 1.1.0-alpha|790d7011021acd549cc6420b02884df7470eef4c6a9ece2163405a6fdac3dfa9

# 2026-09-07: HASH UPDATED, VERSION DELIBERATELY NOT BUMPED -- the "genuinely
#   cannot affect what is derived" case, same discipline as the 2026-09-06 (C1b)
#   entry above.
#
#   WHAT CHANGED: the 91-file autodoc sweep (b42a7e7) regenerated managed
#   DocInsight blocks across src\. Two files of this surface carry them --
#   DRagLint.Index.CallResolver.pas (hashed whole, `::*`) and
#   DRagLint.Storage.SQLite.pas (hashed per listed routine).
#
#   PROVEN comment-only, not asserted. `git diff -U0 fef1067 b42a7e7` over both
#   files, classifying every added/removed line:
#
#       doc-comment (///) lines changed : 633
#       NON-doc lines changed           :   0
#
#   Zero. No routine body changed, so every resolve pass derives exactly the
#   call_edges, type_ancestors, type_helpers and unit_uses rows it derived
#   before, and no index owes a re-resolve.
#
#   Note the asymmetry with the extractor baseline's twin entry: the count here
#   is far larger (633 vs 253) only because Storage.SQLite.pas is this repo's
#   most heavily documented unit. Volume is not evidence either way -- the
#   load-bearing number is the ZERO on the second line.
#
#   Same warning as every entry above: the failure mode of getting this wrong is
#   SILENT.
#
#   Superseded: 1.1.0-alpha|3be00d360f91f38761edeb97760b40607a28bce7f24044608cfa9d361399c21e

# 2026-09-17: 1.2.0-alpha -> 1.4.0-alpha (extractor batch, Task 12). Ancestor
#   edges now resolve by ARITY before scope rule 0: FilterCandidatesByArity
#   (new; added to the manifest) narrows the candidate set in ResolveAncestry's
#   edge loop and in ResolveTypeNameToClass.PickCandidate, and
#   NormalizeAncestorName hands back the type arguments. All of that decides
#   WHICH type_ancestors row is written, so it is DERIVED rows only, no parse
#   change: remedy is index --all --resolve-only.
#
#   ABSORBS AN UNPINNED BUMP. 1.2.0 -> 1.3.0 (bc2e39dc, 2026-09-16: member-access
#   refs bind properties/fields and accessor calls earn call_edges rows) moved
#   the constant but never re-pinned this baseline, so the active line below was
#   still 1.2.0 while the source declared 1.3.0. The guard reported "changed AND
#   bumped" on every run since -- green, but no longer pinning anything. This
#   entry pins 1.4.0 against the current surface and closes that gap.
#
#   Superseded: 1.2.0-alpha|6f0b03699c2cb23f83c8b5831a0013c92cacbea98da8759f033fd528acad2f2f

# 2026-09-17: hash re-pinned WITHIN 1.4.0-alpha (final-review wave, ruling R19:
#   no version constant moves in this wave). No index has yet been resolved
#   under 1.4.0, so the pin moves within the same version instead of bumping
#   -- there is no 1.4.0 edge anywhere for a bump to invalidate. What moved:
#   GenericArity now counts PARAMETERS, not constraint commas
#   (<T: class, constructor> = 1; <S: IUnknown; I: IUnknown> = 2), which is
#   the number FilterCandidatesByArity compares, so every edge onto a
#   constrained generic resolves differently (final review #1); the manifest
#   gained the three Core.Model helpers that decide which edge is written
#   (GenericArity, SplitGenericName, StripGenericSegments -- the last moved
#   here from the parser) and GetTransitiveAncestors (late resolution), and
#   EXCLUDEs PreferArity (query-side reader); src\index CallResolver.
#   FindChildOfKind declines on same-named locals of differing Signature.
#   The guard itself changed too: spans are cut from the implementation
#   section only (Core.Model declares free functions at column 1 in its
#   interface, which would otherwise hash the next routine's doc comment),
#   the drift vocabulary gained arity|generic, and the drift walk covers
#   Core.Model. Remedy when an index exists: index --all --resolve-only.
#
#   Superseded: 1.4.0-alpha|2cda913770535660645b65f9daceb3483b729158dbdf64d2836be374149f536c
#
# 2026-09-17: hash re-pinned WITHIN 1.4.0-alpha (batch residue; ruling R19
#   still holds -- no index has been resolved under 1.4.0 yet, the overnight
#   rebuild is the first). Commit "fix(resolve): ResolveAccessor narrows
#   overloaded accessors by arity or declines; FindSymbolsByExactName strips
#   generics per dotted segment (batch residue)". What moved: src\index
#   CallResolver.ResolveAccessor no longer first-matches an OVERLOADED
#   accessor set -- PickAccessor keeps the candidates whose arity range
#   contains the property's index count (+1 for a setter, read off the
#   declaring line by PropertyIndexArity) and answers only a unique survivor;
#   same-count overloads decline (accessor 0, no call edge) and a declined set
#   on the declaring class stops the ancestor walk. FindSymbolsByExactName is
#   a READER and is not in the manifest. Remedy when an index exists:
#   index --all --resolve-only.
#
#   Superseded: 1.4.0-alpha|a35513046797f2f0cf416752672496d55bec00368bb9e08238e0279eb4004389

# 2026-09-19: hash re-pinned WITHIN 1.4.0-alpha for the COMMENT-ONLY autodoc
#   regen 1307e778 (document --project src\cli\drag-lint.dproj --apply after
#   the v23 rebuild). That commit re-pinned the EXTRACTOR baseline with the
#   comment-only note but NOT this one, so this guard has been red on main
#   since 2026-09-17 (bisected: d318c2c1 PASS, 1307e778 FAIL). What moved the
#   hash: DRagLint.Index.CallResolver.pas is hashed WHOLE (`::*`), doc comments
#   included, and its <!-- drag-lint:auto --> blocks were regenerated. Verified
#   0 non-/// lines changed across src\index, Storage.SQLite and Core.Model
#   between d318c2c1 and 1307e778 -- nothing resolves differently, no index owes
#   a re-resolve. Same discipline as the 2026-09-07 autodoc entry above. Ruling
#   (coordinator, 2026-09-19): do not narrow the `::*` entry, do not move the
#   constant.
#
#   Superseded: 1.4.0-alpha|c1d56f481b2b1107635f79319f399f9c5b822474a0b9752b1bd5a0c838d304fa

# 2026-09-19: manifest WIDENED (FindSymbolsByExactName / FoldStubs / the
#   DRagLint.Core.ForwardStub unit added as resolve surface after the C2.5
#   review); code on the previously-listed surface unchanged. WHY THEY ARE
#   SURFACE: DRagLint.Index.CallResolver.pas:2176 calls FindSymbolsByExactName
#   on the extra stores for a receiver's type and declines on Found <> 1, so
#   what that reader returns decides which call_edges are written -- the
#   manifest's own closure rule. The hash moves only because the manifest grew
#   (three new hashed spans); every span that was already listed hashes to what
#   it did before. The C2.5 behaviour change itself (RTL forward stubs such as
#   TComponent/TReader/TWriter were 2 rows and are now 1, so cross-store
#   receivers that used to decline now resolve) is recorded in CHANGELOG
#   Unreleased and awaits the owner's bump decision; until then an index
#   resolved before C2.5 lacks those edges (remedy when the owner bumps:
#   index --all --resolve-only). Found by the review, not by the drift regex.
#
#   Superseded: 1.4.0-alpha|cc8c86896c828038e9eeb9102faa988fe9aede73f4c6aa0eef65b7049322c2e0

# 2026-09-21: 1.4.0-alpha -> 1.5.0-alpha (purity v2, plan C6.1). A new `purity`
#   resolve stage -- src\analysis\DRagLint.Analysis.PurityStage.pas over the
#   pure model in src\analysis\DRagLint.Analysis.Purity.pas -- derives
#   symbol_facts.effect_free / effect_summary / effect_witness from call_edges,
#   member_accesses, refs and routine bodies the index already holds. DERIVED
#   columns only, no parse change: remedy is index --all --resolve-only.
#
#   THE MANIFEST WAS WIDENED, AND A LITERAL READING OF THE HEADER ABOVE WOULD
#   HAVE REFUSED IT. That header scopes the resolve surface to "the code that
#   DERIVES call_edges, type_ancestors, type_helpers and unit_uses targets", and
#   the purity stage derives none of those -- it writes symbol_facts columns.
#   Both analysis units go in anyway, and the reason is the staleness mechanics
#   rather than the list of tables:
#
#     TPurityStage recomputes ONLY when PurityNeedsRun is True, i.e. only while
#     some row with body_loc > 0 still has effect_free IS NULL. Once a database
#     has been FILLED by a stage, every row has a verdict, PurityNeedsRun goes
#     False, and that database keeps the OLD verdicts forever. There is no
#     second trigger -- not a changed file, not a re-lint, not a re-resolve of
#     the call pass. The resolver fingerprint is the ONLY thing left that can
#     force it to think again.
#
#   So without these entries, any future change to purity logic goes silently
#   stale in every index: the columns are populated, the answers look complete,
#   and they are the previous build's. That is verbatim the failure mode this
#   file's own header calls out -- "the failure mode of getting it wrong is
#   SILENT" -- and it is why the entry is judged by what the stamp PROTECTS
#   rather than by which four tables the header happens to name.
#
#   THIS IS THE SAME PRINCIPLE AS THE 2026-09-19 WIDENING, ONE STEP FURTHER.
#   That entry admitted a READER the resolve pass depends on (FindSymbolsByExactName
#   / FoldStubs), on the manifest's own closure rule: a routine that decides
#   what is WRITTEN is surface even though it writes nothing. This entry extends
#   the same rule from readers the pass depends on to WRITES the pass performs
#   -- a second derived-data producer, sharing the one resolve stamp because it
#   shares the one remedy and the one silent-staleness hazard.
#
#   WHAT ELSE MOVED THE HASH, so the diff is not mistaken for code drift:
#   the manifest gained the two analysis units (hashed whole, `::*`) plus the
#   store surface the stage uses -- PutEffectFacts, PurityNeedsRun,
#   GetAllSymbolFacts, FindSymbolsWithFacts, DumpAllMemberAccesses -- and
#   DumpAllCallEdges MOVED OUT OF THE EXCLUSION LIST. It had been excluded as a
#   query-side reader on the stated ground that "a reader cannot make stored
#   data stale"; PurityStage.pas:578 now loads every call edge through it, one
#   line above the DumpAllMemberAccesses call, so that ground is false and the
#   exclusion's reason no longer held. Every span that was already listed hashes
#   to what it hashed before; no previously-listed code changed in this commit.
#
#   KNOWN AND DELIBERATE GAP, recorded in the manifest beside the entries: the
#   stage reads eight further store routines (FindAllChildSymbols,
#   FindChildSymbolByName, FindSymbolsByKind, GetAllFileStamps, GetFilePath,
#   GetReferencesFromFile, GetSymbolById, and GetTransitiveAncestors which was
#   already listed). Strict closure puts all of them in; widening that far is a
#   scoping decision larger than this stage and is left for the owner. It is
#   written down rather than skipped so that a purity verdict changing without
#   this guard noticing is diagnosable instead of mysterious.
#
#   THE C2.5 CROSS-STORE QUESTION RECORDED IN THE 2026-09-19 ENTRY IS NOT
#   SETTLED HERE. That bump still awaits the owner's decision; this bump is
#   about purity and carries no verdict on it. An index re-resolved under
#   1.5.0-alpha does, as a side effect, pick the C2.5 edges up -- worth knowing,
#   but not a decision this entry is making.
#
#   Superseded: 1.4.0-alpha|463989bb0a729a967964a9a29ec5913d23133ed5eb6d1d5611b3a89c1acee2d3

# 2026-09-22 (Task 6, T4-R3 correction; controller ruling T6-R2): hash re-pinned
#   WITHIN 1.5.0-alpha -- the "genuinely cannot affect what is derived" case,
#   same discipline as the 2026-09-06 (C1b) and 2026-09-07/2026-09-19
#   comment-only entries above.
#
#   WHAT MOVED THE HASH: a comment-only edit inside
#   src\core\DRagLint.Core.ForwardStub.pas, which is on the resolve surface as
#   `src/core/DRagLint.Core.ForwardStub.pas::*` and is therefore hashed WHOLE,
#   doc/comment text included. The edit corrects a stale forward-reference --
#   the file's header `{ }` comment said the IsStub unification was "deferred to
#   the next DRAGLINT_RESOLVER_VERSION bump", which was true when written but
#   became false the moment THIS baseline's own 1.4.0 -> 1.5.0 bump (purity v2,
#   entry above) landed without doing that unification. The sentence now names
#   the version that work is actually reserved for: `DRAGLINT_RESOLVER_VERSION
#   1.6.0`. (CHANGELOG.md carries the matching correction; it is not part of the
#   hashed surface.)
#
#   PROVEN comment-only, not asserted. `git diff -U0 9dfef952 HEAD --
#   src\core\DRagLint.Core.ForwardStub.pas`, classifying the one changed line:
#
#       comment lines changed     : 2 (1 removed + 1 added, both inside the
#                                    file's header `{ }` block comment, line 20)
#       NON-comment lines changed : 0
#
#   Zero. No routine body changed -- the file's own logic (PairForwardStubs,
#   FoldForwardStubs, the THasChildrenFn type) below the header comment is
#   untouched -- so every resolve pass derives exactly the same call_edges /
#   type_ancestors / type_helpers / unit_uses rows it derived before, and no
#   index owes a re-resolve.
#
#   NOT BUMPING TO 1.6.0: that number is already reserved by the engine backlog
#   for C2.3 + the actual IsStub unification -- the very work this sentence is
#   ABOUT, not performing. Consuming 1.6.0 here for a comment fix would make the
#   real future bump lie about what it contains, and would bill every database
#   another re-resolve for a comment. 1.5.0-alpha has already resolved at least
#   one database (this worktree's own self-index, during Task 4/this task's
#   reindex) -- staying within 1.5.0 is correct precisely because nothing
#   derived changed: there is no altered derived row for a bump to protect
#   against, only an already-correct resolve that a bump would needlessly
#   re-run.
#
#   Same warning as every entry above: the failure mode of getting this wrong is
#   SILENT.
#
#   Superseded: 1.5.0-alpha|690833814ff9efb59db95b51343d52e17ab8b759650cc5a9605da2095f9b3cdf

# 2026-09-22 (Task 7 fix round 1, review IMPORTANT 2): 1.5.0-alpha -> 1.5.1-alpha.
#   DERIVED TEXT CHANGES, so this is a BUMP and not one of the "genuinely
#   cannot affect what is derived" re-pins above.
#
#   WHAT CHANGED: src\analysis\DRagLint.Analysis.PurityStage.pas (hashed whole,
#   `::*`) stopped composing the witness as 'touches ' + AFacts.Touches.
#   symbol_facts.touches is the TWO-FIELD wire string 'resources|transactions'
#   whose separator is ALWAYS present when anything was found, so one-sided
#   values are stored as 'file system|' or '|starts, commits' -- measured on
#   this repo's own index: 308 rows 'file system|', 13 rows
#   '|starts, commits, rolls back', 1 row with both sides. Concatenating printed
#   the separator. The new TouchesWitness splits on '|' and omits an empty side,
#   the same way DRagLint.Doc.Regions already renders the fact, and labels the
#   transaction half.
#
#   WHY IT REACHED A USER AND NOT JUST A COLUMN: the new query-name-with-effect
#   rule (spec section 14, same task) quotes effect_witness verbatim in its
#   message, so the first corpus run printed 'FindHgRoot answers a question and
#   also has an effect: touches file system|'.
#
#   SCOPE, stated precisely so the bill is judged rather than assumed: VERDICTS
#   ARE UNCHANGED. effect_free and effect_summary are computed from the same
#   flags as before -- ApplyFacts still calls AddFlag(efGlobal, ...) on exactly
#   the same condition. Only the WITNESS TEXT moves, and only on routines whose
#   touches fact is non-empty.
#
#   WHY BILL A RE-RESOLVE FOR DISPLAY TEXT: TPurityStage recomputes only while
#   PurityNeedsRun is True (some body row still has effect_free IS NULL). A
#   database already filled under 1.5.0-alpha would keep the old witness text
#   FOREVER -- there is no other trigger -- and this repo's own self-index has
#   already been resolved under 1.5.0-alpha. Re-pinning within 1.5.0 would be
#   exactly the silent staleness this file's header warns about in capitals.
#   Remedy: index --all --resolve-only.
#
#   WHY 1.5.1 AND NOT 1.6.0: 1.6.0 is reserved by the engine backlog for C2.3 +
#   the IsStub unification (see the T6-R2 entry above). Consuming it for a
#   witness-text fix would make the real bump lie about what it contains.
#
#   DEVIATION FLAGGED TO THE CONTROLLER: Task 7's plan ruling 11 said
#   DRAGLINT_RESOLVER_VERSION must not move in this task. That ruling was written
#   when Task 7 touched no resolve surface; the fix round then assigned a change
#   to PurityStage.pas, which this manifest hashes whole. Both cannot hold. The
#   bump is taken because this baseline's own discipline makes it mandatory for a
#   derived-data change; it is one commit and two lines to revert.
#
#   Superseded: 1.5.0-alpha|5ec79c8c501a536a2f202355a5148f3dd87cae9d8c524f5d0fe609f50edb9509

# 2026-09-22 (whole-branch fix wave, review IMPORTANT 1; controller ruling T-FW1):
#   hash re-pinned WITHIN 1.5.1-alpha -- the "genuinely cannot affect what is
#   derived" case, same discipline as the 2026-09-06 (C1b), 2026-09-07,
#   2026-09-19 and T6-R2 comment-only entries above.
#
#   WHAT MOVED THE HASH: a `dl:ok` review marker was RELOCATED onto the class
#   declaration line inside src\analysis\DRagLint.Analysis.PurityStage.pas,
#   which is on the resolve surface as
#   `src/analysis/DRagLint.Analysis.PurityStage.pas::*` and is therefore hashed
#   WHOLE -- comment text included, so a marker living in a comment is inside
#   the hashed span. The branch's marker had been placed ABOVE the declaration
#   and carried @e3b0, the SHA-256 prefix of the EMPTY STRING, i.e. a hash never
#   computed from the annotated text; the engine matches a marker only within
#   the finding's own StartLine..EndLine, so god-class and high-response both
#   REPORTED and review-marker-unused reported on the marker line. `drag-lint
#   allow ... --fix-rule god-class/high-response --apply` rewrote it on the
#   finding's own line with real hashes (@13c7) and the dead line above was
#   deleted; the human reason text moved into the marker's own Reason field.
#
#   PROVEN comment-only, not asserted. `git diff -U0 4a23e034 e19f7e14 --
#   src\analysis\DRagLint.Analysis.PurityStage.pas`, classifying every changed
#   line by the code text to the LEFT of its `//`:
#
#       raw diff lines                        : -2 / +1
#       pure-comment lines removed            :  1  (the dead marker line)
#       lines whose CODE TEXT is unchanged    :  1 removed / 1 added, identical
#                                                (`  TPurityRun = class`, with a
#                                                 trailing `//` comment appended)
#       NON-comment (code-text) lines changed :  0
#
#   Zero. That zero is the load-bearing number: a `dl:ok` marker is a LINT
#   annotation that lives in a comment. It cannot change which call_edges,
#   type_ancestors, type_helpers or unit_uses rows the resolve pass derives, and
#   it cannot change a single symbol_facts.effect_free, effect_summary or
#   effect_witness value. No routine body, signature or literal moved, so NO
#   INDEX OWES A RE-RESOLVE.
#
#   ATTRIBUTION MEASURED, NOT INFERRED. The same fix wave also normalised a
#   stray double space inside SYMBOL_FACTS_BASE_COLS in
#   src\storage\DRagLint.Storage.SQLite.pas. That file is on the surface per
#   named ROUTINE, and the const is inside none of them -- checked by running
#   this guard twice with one edit reverted at a time:
#
#       SQLite edit reverted, PurityStage fixed -> guard exit 1 (FAIL)
#       PurityStage reverted, SQLite fixed      -> guard exit 0 (PASS)
#
#   So the whole-file `::*` entry is the SOLE cause of the move; the store edit
#   does not touch the hashed surface at all.
#
#   CONTRAST WITH TODAY'S OTHER CALL, recorded so a future reader sees both side
#   by side. The entry immediately above (Task 7 fix round 1) BUMPED 1.5.0 ->
#   1.5.1 for a change inside this same file, and that was right: it altered the
#   WITNESS TEXT written into symbol_facts.effect_witness, which is a DERIVED
#   row, and a database already filled under 1.5.0 would have kept the old text
#   forever because TPurityStage recomputes only while PurityNeedsRun is True.
#   A re-pin there would have carried a false justification. Here nothing
#   derived changes, so a bump would bill every database a re-resolve for a
#   comment -- and, worse, would consume a version number for a lint annotation.
#   The distinction is DERIVED-ROW CHANGE vs COMMENT TEXT, not which file moved.
#
#   1.6.0 remains reserved by the engine backlog for C2.3 + the IsStub
#   unification (see the T6-R2 entry above); nothing here touches that.
#
#   Same warning as every entry above: the failure mode of getting this wrong is
#   SILENT.
#
#   Superseded: 1.5.1-alpha|92cfb2a2e060dcf3261caaa542c8b1d74ff2919a952b76c6383f97f547551bef
# 2026-09-23 (enum-value-ref binding, Task 5): 1.5.1-alpha -> 1.6.0-alpha. This
#   is a BUMP, not one of the "genuinely cannot affect what is derived" re-pins
#   above -- a NEW CLASS OF DERIVED ROW starts being written.
#
#   WHAT CHANGED, by file and routine:
#     tests\resolver-surface.txt -- three entries ADDED to the manifest, which
#       is itself part of the hashed identity (path::routine is hashed with the
#       body): src/storage/DRagLint.Storage.SQLite.pas::ResolveEnumValueRefs
#       (the new store stream), ::GetEnumValueSymbols and
#       ::GetUnitLevelValueDecls (the two bulk readers that supply the
#       candidate set and the R3(c) shadow set). ResolveEnumValueRefs matches
#       the guard's drift vocabulary (`resolve`), so it had to be classified or
#       the guard fails on drift -- it did fail that way after Task 4. The two
#       readers match no vocabulary term and are listed by this manifest's own
#       CLOSURE RULE: what they return decides what is written. Checked against
#       the exclusion list before adding -- none of resolvelog, resolvesecs,
#       resolvefileidtolerant or resolvetypeat shadows any of the three names.
#     src\index\DRagLint.Index.CallResolver.pas -- already hashed WHOLE
#       (`::*`); Task 3 added the enum candidate/shadow maps,
#       ResolveEnumValueRead (R1 visibility, R2 uniqueness, R3 shadowing, R4
#       unit-level code, rule-0 duplicate collapse) and rung 3c for the
#       qualified `TEnum.value` / `Unit.value` shape.
#     src\storage\DRagLint.Storage.SQLite.pas -- Task 4 added the second stream
#       inside ResolveCallTargets, the NULL-over-its-own-universe UPDATE that
#       makes a SCOPED re-resolve able to RETRACT a binding, and the ValueOnly
#       write branch that calls FQSetRefSymbol and writes no edge row.
#     src\core\DRagLint.Core.ForwardStub.pas -- hashed WHOLE, so the one
#       comment line naming the reserved version (1.6.0 -> 1.7.0, see below)
#       moves this hash too. It is NOT the reason for the bump; the derived
#       rows are. Called out because the T-FW1 entry directly above bumped
#       nothing for a change to exactly this kind of line.
#     src\core\DRagLint.Core.Model.pas -- the constant and its <para> history.
#       The three Model.pas routines on the surface (GenericArity,
#       SplitGenericName, StripGenericSegments) are untouched; only the
#       implementation section is hashed, so the const and its doc comment are
#       outside the hashed span by construction.
#
#   WHY THIS IS A BUMP AND NOT A RE-PIN. The calls stage now writes
#   refs.symbol_id on two ref shapes that were NULL on every index ever built:
#   a bare `read` ref naming an enum value, and a `member-access` ref qualified
#   by the enum type or by the declaring unit. That is a new class of DERIVED
#   ROW, not new text in an existing one. A database resolved under 1.5.1-alpha
#   has NONE of them, and -- this is the load-bearing half -- it would never
#   acquire them on its own: the calls stage runs WHOLE-DB only on a
#   resolver-fingerprint mismatch, and otherwise runs SCOPED over the files
#   that changed. Files that never change would keep NULL forever. The stamp is
#   the only trigger there is.
#
#   SCOPE -- what does NOT change, stated so the bill can be judged rather than
#   assumed. No call_edges row and no member_accesses row is written for an
#   enum value (CanBeCallTarget is untouched); CallSiteRefKindSql, the
#   COMPLEMENT universe the unresolved-call readers take, is not widened
#   (register item E1); no table, no column, no SCHEMA_VERSION move (23
#   unchanged); no extractor change (DRAGLINT_EXTRACTOR_VERSION 1.17.0-alpha
#   unchanged -- the refs already exist and are indexed, this is a resolve-time
#   binding). Purity verdicts are unchanged: TPurityStage reads `read` refs by
#   Kind/NameText against the routine's locals and never consults SymbolId for
#   them, and its edges come from call_edges and member_accesses, to which
#   nothing is added. MEASURED, not asserted -- Task 4's M4 A/B on this repo's
#   self-index, the same parses re-resolved by the pre-change engine and by the
#   new one (`index --project ... --resolve-only`):
#
#       run                 edges  accesses  proven  not_proven  not_computed
#       M4_A (old engine)   11137     10366     187        2757             0
#       M4_B (new engine)   11137     10366     187        2757             0
#
#   Every column equal, and both runs reported the same
#   `21493 edge(s) from 65719 call-site ref(s)`. The enum-value invariant was
#   checked directly on the same database: 0 call_edges rows and 0
#   member_accesses rows whose target/member symbol is an enum_value.
#
#   REMEDY AND COST. A RE-RESOLVE, never a re-parse: `index --all
#   --resolve-only`. Measured 2026-09-22: ~6 min for all project sections; up to
#   ~73 min per platform library -- Win32 calls 3641.4 s + purity 726.8 s =
#   4368.2 s = 72.8 min, Win64 3500.6 s + 635.3 s = 4135.9 s = 68.9 min. Neither
#   figure is 74; the headline is the larger of the two, not rounded past it.
#   The enum stream itself adds one indexed name-IN scan
#   over `refs` (EXPLAIN QUERY PLAN on the self-index:
#   `SEARCH refs USING INDEX idx_refs_name_nocase`) plus an in-memory lookup
#   per candidate -- seconds on a project DB.
#
#   WHY 1.6.0 AND NOT 1.5.2. This file's own discipline, applied to itself: a
#   PATCH is for a change to DERIVED TEXT inside rows that already exist (1.5.0
#   -> 1.5.1 was the purity witness STRING), and a MINOR is for a new class of
#   derived row. This is the second. Shipping a new binding kind under a patch
#   number would mislead exactly the reader this file is written for -- someone
#   deciding whether their database owes a re-resolve.
#   1.6.0 WAS RESERVED for C2.3 + the IsStub unification, by the T6-R2, Task 7
#   and T-FW1 entries above. The owner ruled on 2026-09-23 that the reservation
#   was a SEQUENCING note, not a semantic claim about the number, and that the
#   enum binding -- which lands first -- takes 1.6.0-alpha. C2.3 + IsStub move
#   to 1.7.0-alpha. Those three entries above are append-only history and are
#   left exactly as written; the forward references a future reader will
#   actually consult were edited in FOUR places, and all four now say 1.7.0:
#     1. src\core\DRagLint.Core.Model.pas -- the 1.5.0 -> 1.5.1 <para>'s
#        "A PATCH bump, not 1.6.0" sentence.
#     2. src\core\DRagLint.Core.ForwardStub.pas -- the unit's header comment,
#        "deferred to DRAGLINT_RESOLVER_VERSION 1.7.0".
#     3. CHANGELOG.md -- the Unreleased `### Known` bullet on
#        ResolveTypeNameToClass.IsStub.
#     4. docs\BACKLOG-SESSION-100-TRIAGE.md -- the three C2.3 rows (the
#        decisions table, the sequencing list, the open-questions table). That
#        file is gitignored (`docs/BACKLOG-*`), so it is edited in the working
#        checkout and is not part of this commit.
#   Whoever writes C2.3's plan will reach one of those four; none of them still
#   says 1.6.0.
#
#   CONTRAST WITH THE ENTRY ABOVE, recorded so the two adjacent calls can be
#   read side by side. T-FW1 RE-PINNED within 1.5.1 for a `dl:ok` marker
#   relocated inside a whole-file-hashed unit: comment text, 0 code lines, so
#   no derived row anywhere could differ and a bump would have billed every
#   database a re-resolve for an annotation. This entry BUMPS, for the opposite
#   reason: rows that did not exist begin to exist. The distinction that
#   decides it is the one T-FW1 itself states -- DERIVED-ROW CHANGE vs COMMENT
#   TEXT, not which file moved. Note that this change ALSO edits a comment line
#   in the same whole-hashed ForwardStub.pas that T-FW1's sibling edit sat in;
#   on its own that would have been a re-pin, and it is not what is being
#   billed here.
#
#   Same warning as every entry above: the failure mode of getting this wrong
#   is SILENT. A database that owes a re-resolve and does not get one does not
#   error, does not warn and does not return an empty result -- it answers
#   confidently with fewer rows than the truth.
#
#   Superseded: 1.5.1-alpha|8d1034e88ce8debb8a6e1d8e11c67c6905ff8c0fa65d50f11893eb4c6ffb4c16

# 2026-09-23: 1.6.0-alpha -> 1.7.0-alpha (parenless-call binding, defect D1).
#   A THIRD calls-stage stream, ResolveParenlessCallRefs ->
#   TCallResolver.ResolveParenlessRead, writes a call_edges row (and
#   refs.symbol_id for a certain edge) for a `read` ref that is a PARENLESS CALL
#   -- `Assert(NextId > 0)`, `N := NextId`, a bare `Tick` inside its class. Rows
#   that did not exist begin to exist, so this BUMPS. 1,715 candidate reads on
#   ORM3 CLIENT at 1.6.0 (59 routine names). No parse change: the remedy is
#   `index --all --resolve-only`, never a re-parse.
#   The manifest also gained GetUnitLevelRoutines and GetUnitScopeEdges, readers
#   the Option 4 unit rung already depended on and the manifest never listed;
#   their hash rides on this bump.
#   The reservation for C2.3 + the IsStub unification moves from 1.7.0 to
#   1.8.0-alpha.
#
#   The ForwardStub.pas header comment (whole-file surface) was updated in the same
#   change to name 1.8.0 as the C2.3 + IsStub reservation; comment text only.
#
#   Superseded: 1.6.0-alpha|95080b86976b780299f60f1f3e4c5fec372170db4b3fb980b23feca790aadec6
1.7.0-alpha|a1732971a9b5624931b52c79578b9d0bfbf53ac0d6f70085d0e554472193f945
