# Baseline for tests\autotest\run_resolver_version_guard.ps1
#
# <DRAGLINT_RESOLVER_VERSION>|<sha256 of the resolve surface>
#
# The resolve surface is the set of routines listed in tests\resolver-surface.txt
# -- the code that DERIVES call_edges, type_ancestors, type_helpers and
# unit_uses targets from parses the index already holds. Change any of it and
# this guard fails until DRAGLINT_RESOLVER_VERSION is bumped, because every
# existing index would otherwise keep edges from the OLD resolver.
#
# THE REMEDY IS CHEAP, and that is the whole point of a second stamp. A bump of
# DRAGLINT_EXTRACTOR_VERSION costs a ~5 hour re-parse of every database; a bump
# of THIS one costs a re-resolve measured in minutes. They were conflated until
# 2026-08-31, which over-billed 19 commits under src\index and under-billed 42
# under src\storage -- the latter going silently stale, one every 2.2 days.
#
# EXACTLY ONE ACTIVE LINE. The sibling extractor baseline was APPENDED to rather
# than replaced on 2026-08-26 and its guard, which reads only the first active
# line, became structurally incapable of failing for five days. This guard
# asserts its own baseline's shape for that reason. Move superseded lines into
# `#` history below.
#
# To update: bump the constant in src\core\DRagLint.Core.Model.pas, re-run the
# guard, paste the line it prints. If a change genuinely cannot affect what is
# derived, update the hash WITHOUT bumping and say why here -- the same
# discipline the extractor baseline uses, and the same warning: the failure mode
# of getting it wrong is SILENT.
#
# 2026-08-31: created. Seeded at 1.0.0-alpha rather than mirroring the extractor
#   version, because this stamp has its own history from here and pretending it
#   shares the extractor's past would be false. Existing indexes carry no
#   resolver_fingerprint at all and are grandfathered by the same rule the
#   indexer fingerprint uses -- an absent stamp adopts the current one silently
#   rather than forcing a mass re-resolve on first run.

# 2026-08-31: 1.0.0-alpha -> 1.1.0-alpha. UpsertCallEdge now writes
#   refs.symbol_id for a CERTAIN call edge, and ClearCallEdges nulls the column
#   it wrote. That column has been NULL on every row of every index while
#   INDEX-SCHEMA.md documented a join on it, so every consumer of `refs` was
#   name-joining whether it meant to or not. This is a genuine change to what
#   the resolve pass DERIVES, so every index owes one re-resolve -- minutes,
#   not the ~5 hours a re-parse would cost, which is the entire reason this
#   stamp is separate from DRAGLINT_EXTRACTOR_VERSION.
#
#   Superseded: 1.0.0-alpha|ae753fb79518fac5b932d8e9f6d78fc0fce625248ae44c846ac4ae6a57b805be

# 2026-09-06 (C1b): HASH UPDATED, VERSION DELIBERATELY NOT BUMPED -- this is the
#   "genuinely cannot affect what is derived" case the header describes, and it
#   is recorded here in full because the header also says the failure mode of
#   getting it wrong is SILENT.
#
#   What changed inside the surface: ONE line was added to ResolveAncestry,
#   `FFlowOracles.Clear;`, beside the existing `FAnchorCache.Clear;`. Nothing
#   else in the manifest's routines was touched. (The other edits to
#   Storage.SQLite.pas in the same commit -- a field, its create/free, and a
#   one-line getter -- are all OUTSIDE every listed routine.)
#
#   Why it cannot change what is derived, checked rather than asserted:
#   FFlowOracles is a TFlowOracleCache, the C1b store-lifetime memo for the five
#   LINT-time flow oracles. Its contents are read in exactly one unit,
#   DRagLint.Diagnostics.FlowChecks.pas, and only from TFlowChecker.Check's
#   dynamic extent. Inside Storage.SQLite.pas the object is only declared,
#   created, freed, returned by FlowOracles, and cleared here. No resolve
#   routine reads it, so ResolveAncestry writes exactly the type_ancestors rows
#   it wrote before. Verified by enumerating every reference to FlowOracles /
#   FFlowOracles in src\ (18 sites; 10 in FlowChecks, 8 structural in storage).
#
#   Bumping instead would have forced a re-resolve of every index for a cleared
#   dictionary -- precisely the OVER-BILLING that splitting this stamp from
#   DRAGLINT_EXTRACTOR_VERSION exists to end, and the same reason
#   ResolveLog/ResolveSecs are EXCLUDEd from the surface.
#
#   Superseded: 1.1.0-alpha|790d7011021acd549cc6420b02884df7470eef4c6a9ece2163405a6fdac3dfa9

# 2026-09-07: HASH UPDATED, VERSION DELIBERATELY NOT BUMPED -- the "genuinely
#   cannot affect what is derived" case, same discipline as the 2026-09-06 (C1b)
#   entry above.
#
#   WHAT CHANGED: the 91-file autodoc sweep (b42a7e7) regenerated managed
#   DocInsight blocks across src\. Two files of this surface carry them --
#   DRagLint.Index.CallResolver.pas (hashed whole, `::*`) and
#   DRagLint.Storage.SQLite.pas (hashed per listed routine).
#
#   PROVEN comment-only, not asserted. `git diff -U0 fef1067 b42a7e7` over both
#   files, classifying every added/removed line:
#
#       doc-comment (///) lines changed : 633
#       NON-doc lines changed           :   0
#
#   Zero. No routine body changed, so every resolve pass derives exactly the
#   call_edges, type_ancestors, type_helpers and unit_uses rows it derived
#   before, and no index owes a re-resolve.
#
#   Note the asymmetry with the extractor baseline's twin entry: the count here
#   is far larger (633 vs 253) only because Storage.SQLite.pas is this repo's
#   most heavily documented unit. Volume is not evidence either way -- the
#   load-bearing number is the ZERO on the second line.
#
#   Same warning as every entry above: the failure mode of getting this wrong is
#   SILENT.
#
#   Superseded: 1.1.0-alpha|3be00d360f91f38761edeb97760b40607a28bce7f24044608cfa9d361399c21e

1.2.0-alpha|6f0b03699c2cb23f83c8b5831a0013c92cacbea98da8759f033fd528acad2f2f
