# SaveToFile/LoadFromFile/TFile.WriteAllText/ReadAllText/TStreamReader.Create
# without an explicit TEncoding argument fire; the same calls with a trailing
# TEncoding.UTF8 argument are clean.
default-encoding-io 15
!default-encoding-io 27
default-encoding-io 39
default-encoding-io 47
!default-encoding-io 52
default-encoding-io 59
default-encoding-io 66
!default-encoding-io 78
# v0.81 review Minor: a filename literal containing the text "TEncoding" must
# NOT suppress the finding -- string literals can never themselves be a
# TEncoding argument.
default-encoding-io 92
# 2026-09-28 FP: LoadFromFile/SaveToFile on a receiver whose type is DECLARED in
# this file and is not a string list (TdxPDFViewer, TPicture) is binary I/O with
# no encoding overload -- field, Self.field and parameter receivers are quiet.
!default-encoding-io 106
!default-encoding-io 107
!default-encoding-io 112
# ...while a receiver whose type is not known here (Memo.Lines) or IS a string
# list (TStrings) still fires.
default-encoding-io 117
default-encoding-io 118
