# {$IF}/{$IFEND} must NOT produce syntax-error findings inside the conditional region
!syntax-error 8
!syntax-error 9
!syntax-error 10
!syntax-error 11
# the large grammar-confusion root node (line 1 spanning whole file) is suppressed by M4 guard
!syntax-error 1
# but the genuine typo in RealTypo (outside any conditional region) MUST still fire
syntax-error 17
